================================================================================
PROJECT ANALYSIS REPORT TEST
================================================================================

Calling API: http://localhost:8000/api/pm/chat/stream
Query: Comprehensive project analysis for project e6890ea6-0c3c-4a83-aa05-41b223df3284:478. Include all analytics: velocity, burndown, CFD, cycle time, work distribution, issue trends, and task statistics.
Waiting for response...

Collecting stream...
  ✓ Received reporter content (0 chars)
  ✓ Received reporter content (1 chars)
  ✓ Received reporter content (14 chars)
  ✓ Received reporter content (8 chars)
  ✓ Received reporter content (9 chars)
  ✓ Received reporter content (4 chars)
  ✓ Received reporter content (5 chars)
  ✓ Received reporter content (4 chars)
  ✓ Received reporter content (3 chars)
  ✓ Received reporter content (2 chars)
  ✓ Received reporter content (2 chars)
  ✓ Received reporter content (4 chars)
  ✓ Received reporter content (7 chars)
  ✓ Received reporter content (1 chars)
  ✓ Received reporter content (1 chars)
  ✓ Received reporter content (3 chars)
  ✓ Received reporter content (7 chars)
  ✓ Received reporter content (9 chars)
  ✓ Received reporter content (3 chars)
  ✓ Received reporter content (5 chars)
  ✓ Received reporter content (4 chars)
  ✓ Received reporter content (3 chars)
  ✓ Received reporter content (3 chars)
  ✓ Received reporter content (3 chars)
  ✓ Received reporter content (6 chars)
  ✓ Received reporter content (5 chars)
  ✓ Received reporter content (2 chars)
  ✓ Received reporter content (11 chars)
  ✓ Received reporter content (5 chars)
  ✓ Received reporter content (3 chars)
  ✓ Received reporter content (1 chars)
  ✓ Received reporter content (2 chars)
  ✓ Received reporter content (1 chars)
  ✓ Received reporter content (1 chars)
  ✓ Received reporter content (2 chars)
  ✓ Received reporter content (7 chars)
  ✓ Received reporter content (10 chars)
  ✓ Received reporter content (1 chars)
  ✓ Received reporter content (3 chars)
  ✓ Received reporter content (1 chars)
  ✓ Received reporter content (1 chars)
  ✓ Received reporter content (4 chars)
  ✓ Received reporter content (3 chars)
  ✓ Received reporter content (1 chars)
  ✓ Received reporter content (3 chars)
  ✓ Received reporter content (1 chars)
  ✓ Received reporter content (1 chars)
  ✓ Received reporter content (6 chars)
  ✓ Received reporter content (7 chars)
  ✓ Received reporter content (2 chars)
  ✓ Received reporter content (1 chars)
  ✓ Received reporter content (3 chars)
  ✓ Received reporter content (6 chars)
  ✓ Received reporter content (9 chars)
  ✓ Received reporter content (3 chars)
  ✓ Received reporter content (4 chars)
  ✓ Received reporter content (1 chars)
  ✓ Received reporter content (1 chars)
  ✓ Received reporter content (2 chars)
  ✓ Received reporter content (6 chars)
  ✓ Received reporter content (4 chars)
  ✓ Received reporter content (10 chars)
  ✓ Received reporter content (7 chars)
  ✓ Received reporter content (1 chars)
  ✓ Received reporter content (5 chars)
  ✓ Received reporter content (3 chars)
  ✓ Received reporter content (10 chars)
  ✓ Received reporter content (2 chars)
  ✓ Received reporter content (6 chars)
  ✓ Received reporter content (1 chars)
  ✓ Received reporter content (4 chars)
  ✓ Received reporter content (8 chars)
  ✓ Received reporter content (11 chars)
  ✓ Received reporter content (6 chars)
  ✓ Received reporter content (3 chars)
  ✓ Received reporter content (4 chars)
  ✓ Received reporter content (6 chars)
  ✓ Received reporter content (5 chars)
  ✓ Received reporter content (2 chars)
  ✓ Received reporter content (6 chars)
  ✓ Received reporter content (5 chars)
  ✓ Received reporter content (14 chars)
  ✓ Received reporter content (2 chars)
  ✓ Received reporter content (1 chars)
  ✓ Received reporter content (3 chars)
  ✓ Received reporter content (8 chars)
  ✓ Received reporter content (5 chars)
  ✓ Received reporter content (4 chars)
  ✓ Received reporter content (3 chars)
  ✓ Received reporter content (4 chars)
  ✓ Received reporter content (8 chars)
  ✓ Received reporter content (9 chars)
  ✓ Received reporter content (7 chars)
  ✓ Received reporter content (3 chars)
  ✓ Received reporter content (1 chars)
  ✓ Received reporter content (2 chars)
  ✓ Received reporter content (1 chars)
  ✓ Received reporter content (1 chars)
  ✓ Received reporter content (6 chars)
  ✓ Received reporter content (7 chars)
  ✓ Received reporter content (4 chars)
  ✓ Received reporter content (7 chars)
  ✓ Received reporter content (1 chars)
  ✓ Received reporter content (8 chars)
  ✓ Received reporter content (1 chars)
  ✓ Received reporter content (4 chars)
  ✓ Received reporter content (7 chars)
  ✓ Received reporter content (9 chars)
  ✓ Received reporter content (9 chars)
  ✓ Received reporter content (3 chars)
  ✓ Received reporter content (1 chars)
  ✓ Received reporter content (1 chars)
  ✓ Received reporter content (1 chars)
  ✓ Received reporter content (1 chars)
  ✓ Received reporter content (1 chars)
  ✓ Received reporter content (11 chars)
  ✓ Received reporter content (10 chars)
  ✓ Received reporter content (7 chars)
  ✓ Received reporter content (3 chars)
  ✓ Received reporter content (8 chars)
  ✓ Received reporter content (2 chars)
  ✓ Received reporter content (6 chars)
  ✓ Received reporter content (2 chars)
  ✓ Received reporter content (1 chars)
  ✓ Received reporter content (3 chars)
  ✓ Received reporter content (5 chars)
  ✓ Received reporter content (5 chars)
  ✓ Received reporter content (3 chars)
  ✓ Received reporter content (4 chars)
  ✓ Received reporter content (8 chars)
  ✓ Received reporter content (6 chars)
  ✓ Received reporter content (5 chars)
  ✓ Received reporter content (3 chars)
  ✓ Received reporter content (1 chars)
  ✓ Received reporter content (2 chars)
  ✓ Received reporter content (1 chars)
  ✓ Received reporter content (1 chars)
  ✓ Received reporter content (5 chars)
  ✓ Received reporter content (1 chars)
  ✓ Received reporter content (5 chars)
  ✓ Received reporter content (2 chars)
  ✓ Received reporter content (7 chars)
  ✓ Received reporter content (3 chars)
  ✓ Received reporter content (1 chars)
  ✓ Received reporter content (2 chars)
  ✓ Received reporter content (5 chars)
  ✓ Received reporter content (1 chars)
  ✓ Received reporter content (1 chars)
  ✓ Received reporter content (1 chars)
  ✓ Received reporter content (6 chars)
  ✓ Received reporter content (4 chars)
  ✓ Received reporter content (11 chars)
  ✓ Received reporter content (3 chars)
  ✓ Received reporter content (4 chars)
  ✓ Received reporter content (5 chars)
  ✓ Received reporter content (1 chars)
  ✓ Received reporter content (11 chars)
  ✓ Received reporter content (9 chars)
  ✓ Received reporter content (6 chars)
  ✓ Received reporter content (9 chars)
  ✓ Received reporter content (2 chars)
  ✓ Received reporter content (1 chars)
  ✓ Received reporter content (3 chars)
  ✓ Received reporter content (4 chars)
  ✓ Received reporter content (13 chars)
  ✓ Received reporter content (3 chars)
  ✓ Received reporter content (2 chars)
  ✓ Received reporter content (6 chars)
  ✓ Received reporter content (3 chars)
  ✓ Received reporter content (1 chars)
  ✓ Received reporter content (2 chars)
  ✓ Received reporter content (6 chars)
  ✓ Received reporter content (4 chars)
  ✓ Received reporter content (9 chars)
  ✓ Received reporter content (3 chars)
  ✓ Received reporter content (5 chars)
  ✓ Received reporter content (7 chars)
  ✓ Received reporter content (4 chars)
  ✓ Received reporter content (1 chars)
  ✓ Received reporter content (11 chars)
  ✓ Received reporter content (3 chars)
  ✓ Received reporter content (10 chars)
  ✓ Received reporter content (3 chars)
  ✓ Received reporter content (5 chars)
  ✓ Received reporter content (13 chars)
  ✓ Received reporter content (5 chars)
  ✓ Received reporter content (1 chars)
  ✓ Received reporter content (2 chars)
  ✓ Received reporter content (3 chars)
  ✓ Received reporter content (8 chars)
  ✓ Received reporter content (6 chars)
  ✓ Received reporter content (3 chars)
  ✓ Received reporter content (4 chars)
  ✓ Received reporter content (8 chars)
  ✓ Received reporter content (2 chars)
  ✓ Received reporter content (1 chars)
  ✓ Received reporter content (3 chars)
  ✓ Received reporter content (5 chars)
  ✓ Received reporter content (11 chars)
  ✓ Received reporter content (3 chars)
  ✓ Received reporter content (4 chars)
  ✓ Received reporter content (7 chars)
  ✓ Received reporter content (12 chars)
  ✓ Received reporter content (6 chars)
  ✓ Received reporter content (2 chars)
  ✓ Received reporter content (9 chars)
  ✓ Received reporter content (6 chars)
  ✓ Received reporter content (3 chars)
  ✓ Received reporter content (6 chars)
  ✓ Received reporter content (11 chars)
  ✓ Received reporter content (1 chars)
  ✓ Received reporter content (5 chars)
  ✓ Received reporter content (2 chars)
  ✓ Received reporter content (4 chars)
  ✓ Received reporter content (7 chars)
  ✓ Received reporter content (3 chars)
  ✓ Received reporter content (2 chars)
  ✓ Received reporter content (2 chars)
  ✓ Received reporter content (7 chars)
  ✓ Received reporter content (1 chars)
  ✓ Received reporter content (11 chars)
  ✓ Received reporter content (2 chars)
  ✓ Received reporter content (10 chars)
  ✓ Received reporter content (3 chars)
  ✓ Received reporter content (4 chars)
  ✓ Received reporter content (8 chars)
  ✓ Received reporter content (3 chars)
  ✓ Received reporter content (2 chars)
  ✓ Received reporter content (9 chars)
  ✓ Received reporter content (1 chars)
  ✓ Received reporter content (3 chars)
  ✓ Received reporter content (5 chars)
  ✓ Received reporter content (4 chars)
  ✓ Received reporter content (3 chars)
  ✓ Received reporter content (8 chars)
  ✓ Received reporter content (8 chars)
  ✓ Received reporter content (3 chars)
  ✓ Received reporter content (4 chars)
  ✓ Received reporter content (12 chars)
  ✓ Received reporter content (3 chars)
  ✓ Received reporter content (3 chars)
  ✓ Received reporter content (9 chars)
  ✓ Received reporter content (4 chars)
  ✓ Received reporter content (8 chars)
  ✓ Received reporter content (10 chars)
  ✓ Received reporter content (1 chars)
  ✓ Received reporter content (14 chars)
  ✓ Received reporter content (3 chars)
  ✓ Received reporter content (3 chars)
  ✓ Received reporter content (8 chars)
  ✓ Received reporter content (4 chars)
  ✓ Received reporter content (11 chars)
  ✓ Received reporter content (3 chars)
  ✓ Received reporter content (8 chars)
  ✓ Received reporter content (10 chars)
  ✓ Received reporter content (2 chars)
  ✓ Received reporter content (2 chars)
  ✓ Received reporter content (1 chars)
  ✓ Received reporter content (6 chars)
  ✓ Received reporter content (1 chars)
  ✓ Received reporter content (4 chars)
  ✓ Received reporter content (8 chars)
  ✓ Received reporter content (3 chars)
  ✓ Received reporter content (10 chars)
  ✓ Received reporter content (12 chars)
  ✓ Received reporter content (5 chars)
  ✓ Received reporter content (1 chars)
  ✓ Received reporter content (5 chars)
  ✓ Received reporter content (2 chars)
  ✓ Received reporter content (9 chars)
  ✓ Received reporter content (11 chars)
  ✓ Received reporter content (3 chars)
  ✓ Received reporter content (1 chars)
  ✓ Received reporter content (2 chars)
  ✓ Received reporter content (1 chars)
  ✓ Received reporter content (1 chars)
  ✓ Received reporter content (2 chars)
  ✓ Received reporter content (8 chars)
  ✓ Received reporter content (1 chars)
  ✓ Received reporter content (6 chars)
  ✓ Received reporter content (4 chars)
  ✓ Received reporter content (5 chars)
  ✓ Received reporter content (7 chars)
  ✓ Received reporter content (3 chars)
  ✓ Received reporter content (7 chars)
  ✓ Received reporter content (2 chars)
  ✓ Received reporter content (6 chars)
  ✓ Received reporter content (4 chars)
  ✓ Received reporter content (4 chars)
  ✓ Received reporter content (11 chars)
  ✓ Received reporter content (6 chars)
  ✓ Received reporter content (3 chars)
  ✓ Received reporter content (9 chars)
  ✓ Received reporter content (1 chars)
  ✓ Received reporter content (10 chars)
  ✓ Received reporter content (9 chars)
  ✓ Received reporter content (10 chars)
  ✓ Received reporter content (9 chars)
  ✓ Received reporter content (11 chars)
  ✓ Received reporter content (4 chars)
  ✓ Received reporter content (5 chars)
  ✓ Received reporter content (13 chars)
  ✓ Received reporter content (8 chars)
  ✓ Received reporter content (8 chars)
  ✓ Received reporter content (10 chars)
  ✓ Received reporter content (1 chars)
  ✓ Received reporter content (5 chars)
  ✓ Received reporter content (7 chars)
  ✓ Received reporter content (5 chars)
  ✓ Received reporter content (3 chars)
  ✓ Received reporter content (4 chars)
  ✓ Received reporter content (9 chars)
  ✓ Received reporter content (8 chars)
  ✓ Received reporter content (4 chars)
  ✓ Received reporter content (10 chars)
  ✓ Received reporter content (7 chars)
  ✓ Received reporter content (1 chars)
  ✓ Received reporter content (10 chars)
  ✓ Received reporter content (9 chars)
  ✓ Received reporter content (5 chars)
  ✓ Received reporter content (8 chars)
  ✓ Received reporter content (12 chars)
  ✓ Received reporter content (8 chars)
  ✓ Received reporter content (1 chars)
  ✓ Received reporter content (10 chars)
  ✓ Received reporter content (9 chars)
  ✓ Received reporter content (1 chars)
  ✓ Received reporter content (4 chars)
  ✓ Received reporter content (2 chars)
  ✓ Received reporter content (3 chars)
  ✓ Received reporter content (1 chars)
  ✓ Received reporter content (6 chars)
  ✓ Received reporter content (5 chars)
  ✓ Received reporter content (1 chars)
  ✓ Received reporter content (5 chars)
  ✓ Received reporter content (13 chars)
  ✓ Received reporter content (1 chars)
  ✓ Received reporter content (6 chars)
  ✓ Received reporter content (7 chars)
  ✓ Received reporter content (1 chars)
  ✓ Received reporter content (4 chars)
  ✓ Received reporter content (5 chars)
  ✓ Received reporter content (11 chars)
  ✓ Received reporter content (3 chars)
  ✓ Received reporter content (2 chars)
  ✓ Received reporter content (9 chars)
  ✓ Received reporter content (9 chars)
  ✓ Received reporter content (2 chars)
  ✓ Received reporter content (3 chars)
  ✓ Received reporter content (2 chars)
  ✓ Received reporter content (1 chars)
  ✓ Received reporter content (8 chars)
  ✓ Received reporter content (9 chars)
  ✓ Received reporter content (1 chars)
  ✓ Received reporter content (1 chars)
  ✓ Received reporter content (3 chars)
  ✓ Received reporter content (7 chars)
  ✓ Received reporter content (5 chars)
  ✓ Received reporter content (3 chars)
  ✓ Received reporter content (5 chars)
  ✓ Received reporter content (4 chars)
  ✓ Received reporter content (3 chars)
  ✓ Received reporter content (1 chars)
  ✓ Received reporter content (1 chars)
  ✓ Received reporter content (3 chars)
  ✓ Received reporter content (11 chars)
  ✓ Received reporter content (3 chars)
  ✓ Received reporter content (9 chars)
  ✓ Received reporter content (3 chars)
  ✓ Received reporter content (9 chars)
  ✓ Received reporter content (4 chars)
  ✓ Received reporter content (8 chars)
  ✓ Received reporter content (10 chars)
  ✓ Received reporter content (5 chars)
  ✓ Received reporter content (3 chars)
  ✓ Received reporter content (12 chars)
  ✓ Received reporter content (4 chars)
  ✓ Received reporter content (10 chars)
  ✓ Received reporter content (3 chars)
  ✓ Received reporter content (10 chars)
  ✓ Received reporter content (2 chars)
  ✓ Received reporter content (1 chars)
  ✓ Received reporter content (3 chars)
  ✓ Received reporter content (6 chars)
  ✓ Received reporter content (3 chars)
  ✓ Received reporter content (3 chars)
  ✓ Received reporter content (6 chars)
  ✓ Received reporter content (1 chars)
  ✓ Received reporter content (1 chars)
  ✓ Received reporter content (3 chars)
  ✓ Received reporter content (7 chars)
  ✓ Received reporter content (9 chars)
  ✓ Received reporter content (3 chars)
  ✓ Received reporter content (1 chars)
  ✓ Received reporter content (2 chars)
  ✓ Received reporter content (1 chars)
  ✓ Received reporter content (1 chars)
  ✓ Received reporter content (1 chars)
  ✓ Received reporter content (9 chars)
  ✓ Received reporter content (2 chars)
  ✓ Received reporter content (3 chars)
  ✓ Received reporter content (2 chars)
  ✓ Received reporter content (1 chars)
  ✓ Received reporter content (7 chars)
  ✓ Received reporter content (9 chars)
  ✓ Received reporter content (6 chars)
  ✓ Received reporter content (2 chars)
  ✓ Received reporter content (1 chars)
  ✓ Received reporter content (7 chars)
  ✓ Received reporter content (5 chars)
  ✓ Received reporter content (2 chars)
  ✓ Received reporter content (7 chars)
  ✓ Received reporter content (2 chars)
  ✓ Received reporter content (2 chars)
  ✓ Received reporter content (6 chars)
  ✓ Received reporter content (5 chars)
  ✓ Received reporter content (1 chars)
  ✓ Received reporter content (2 chars)
  ✓ Received reporter content (4 chars)
  ✓ Received reporter content (5 chars)
  ✓ Received reporter content (3 chars)
  ✓ Received reporter content (2 chars)
  ✓ Received reporter content (8 chars)
  ✓ Received reporter content (7 chars)
  ✓ Received reporter content (2 chars)
  ✓ Received reporter content (10 chars)
  ✓ Received reporter content (7 chars)
  ✓ Received reporter content (2 chars)
  ✓ Received reporter content (11 chars)
  ✓ Received reporter content (5 chars)
  ✓ Received reporter content (3 chars)
  ✓ Received reporter content (1 chars)
  ✓ Received reporter content (13 chars)
  ✓ Received reporter content (1 chars)
  ✓ Received reporter content (10 chars)
  ✓ Received reporter content (1 chars)
  ✓ Received reporter content (13 chars)
  ✓ Received reporter content (1 chars)
  ✓ Received reporter content (13 chars)
  ✓ Received reporter content (1 chars)
  ✓ Received reporter content (16 chars)
  ✓ Received reporter content (1 chars)
  ✓ Received reporter content (16 chars)
  ✓ Received reporter content (2 chars)
  ✓ Received reporter content (1 chars)
  ✓ Received reporter content (16 chars)
  ✓ Received reporter content (2 chars)
  ✓ Received reporter content (2 chars)
  ✓ Received reporter content (1 chars)
  ✓ Received reporter content (7 chars)
  ✓ Received reporter content (1 chars)
  ✓ Received reporter content (1 chars)
  ✓ Received reporter content (3 chars)
  ✓ Received reporter content (2 chars)
  ✓ Received reporter content (7 chars)
  ✓ Received reporter content (2 chars)
  ✓ Received reporter content (2 chars)
  ✓ Received reporter content (1 chars)
  ✓ Received reporter content (3 chars)
  ✓ Received reporter content (1 chars)
  ✓ Received reporter content (1 chars)
  ✓ Received reporter content (2 chars)
  ✓ Received reporter content (1 chars)
  ✓ Received reporter content (2 chars)
  ✓ Received reporter content (1 chars)
  ✓ Received reporter content (2 chars)
  ✓ Received reporter content (1 chars)
  ✓ Received reporter content (3 chars)
  ✓ Received reporter content (1 chars)
  ✓ Received reporter content (1 chars)
  ✓ Received reporter content (2 chars)
  ✓ Received reporter content (1 chars)
  ✓ Received reporter content (2 chars)
  ✓ Received reporter content (1 chars)
  ✓ Received reporter content (2 chars)
  ✓ Received reporter content (1 chars)
  ✓ Received reporter content (2 chars)
  ✓ Received reporter content (1 chars)
  ✓ Received reporter content (2 chars)
  ✓ Received reporter content (9 chars)
  ✓ Received reporter content (2 chars)
  ✓ Received reporter content (1 chars)
  ✓ Received reporter content (2 chars)
  ✓ Received reporter content (1 chars)
  ✓ Received reporter content (2 chars)
  ✓ Received reporter content (11 chars)
  ✓ Received reporter content (2 chars)
  ✓ Received reporter content (1 chars)
  ✓ Received reporter content (3 chars)
  ✓ Received reporter content (1 chars)
  ✓ Received reporter content (1 chars)
  ✓ Received reporter content (1 chars)
  ✓ Received reporter content (10 chars)
  ✓ Received reporter content (3 chars)
  ✓ Received reporter content (1 chars)
  ✓ Received reporter content (7 chars)
  ✓ Received reporter content (1 chars)
  ✓ Received reporter content (1 chars)
  ✓ Received reporter content (3 chars)
  ✓ Received reporter content (2 chars)
  ✓ Received reporter content (7 chars)
  ✓ Received reporter content (2 chars)
  ✓ Received reporter content (2 chars)
  ✓ Received reporter content (1 chars)
  ✓ Received reporter content (3 chars)
  ✓ Received reporter content (1 chars)
  ✓ Received reporter content (1 chars)
  ✓ Received reporter content (2 chars)
  ✓ Received reporter content (1 chars)
  ✓ Received reporter content (2 chars)
  ✓ Received reporter content (1 chars)
  ✓ Received reporter content (2 chars)
  ✓ Received reporter content (1 chars)
  ✓ Received reporter content (3 chars)
  ✓ Received reporter content (1 chars)
  ✓ Received reporter content (1 chars)
  ✓ Received reporter content (2 chars)
  ✓ Received reporter content (1 chars)
  ✓ Received reporter content (2 chars)
  ✓ Received reporter content (1 chars)
  ✓ Received reporter content (2 chars)
  ✓ Received reporter content (1 chars)
  ✓ Received reporter content (2 chars)
  ✓ Received reporter content (1 chars)
  ✓ Received reporter content (3 chars)
  ✓ Received reporter content (8 chars)
  ✓ Received reporter content (2 chars)
  ✓ Received reporter content (1 chars)
  ✓ Received reporter content (2 chars)
  ✓ Received reporter content (1 chars)
  ✓ Received reporter content (3 chars)
  ✓ Received reporter content (10 chars)
  ✓ Received reporter content (2 chars)
  ✓ Received reporter content (1 chars)
  ✓ Received reporter content (3 chars)
  ✓ Received reporter content (1 chars)
  ✓ Received reporter content (1 chars)
  ✓ Received reporter content (1 chars)
  ✓ Received reporter content (10 chars)
  ✓ Received reporter content (3 chars)
  ✓ Received reporter content (1 chars)
  ✓ Received reporter content (7 chars)
  ✓ Received reporter content (1 chars)
  ✓ Received reporter content (1 chars)
  ✓ Received reporter content (3 chars)
  ✓ Received reporter content (2 chars)
  ✓ Received reporter content (7 chars)
  ✓ Received reporter content (2 chars)
  ✓ Received reporter content (2 chars)
  ✓ Received reporter content (1 chars)
  ✓ Received reporter content (3 chars)
  ✓ Received reporter content (1 chars)
  ✓ Received reporter content (1 chars)
  ✓ Received reporter content (2 chars)
  ✓ Received reporter content (1 chars)
  ✓ Received reporter content (2 chars)
  ✓ Received reporter content (1 chars)
  ✓ Received reporter content (2 chars)
  ✓ Received reporter content (1 chars)
  ✓ Received reporter content (3 chars)
  ✓ Received reporter content (1 chars)
  ✓ Received reporter content (1 chars)
  ✓ Received reporter content (2 chars)
  ✓ Received reporter content (1 chars)
  ✓ Received reporter content (2 chars)
  ✓ Received reporter content (1 chars)
  ✓ Received reporter content (2 chars)
  ✓ Received reporter content (1 chars)
  ✓ Received reporter content (2 chars)
  ✓ Received reporter content (1 chars)
  ✓ Received reporter content (2 chars)
  ✓ Received reporter content (9 chars)
  ✓ Received reporter content (2 chars)
  ✓ Received reporter content (1 chars)
  ✓ Received reporter content (2 chars)
  ✓ Received reporter content (1 chars)
  ✓ Received reporter content (2 chars)
  ✓ Received reporter content (11 chars)
  ✓ Received reporter content (2 chars)
  ✓ Received reporter content (1 chars)
  ✓ Received reporter content (3 chars)
  ✓ Received reporter content (1 chars)
  ✓ Received reporter content (1 chars)
  ✓ Received reporter content (1 chars)
  ✓ Received reporter content (10 chars)
  ✓ Received reporter content (3 chars)
  ✓ Received reporter content (1 chars)
  ✓ Received reporter content (7 chars)
  ✓ Received reporter content (1 chars)
  ✓ Received reporter content (1 chars)
  ✓ Received reporter content (3 chars)
  ✓ Received reporter content (2 chars)
  ✓ Received reporter content (7 chars)
  ✓ Received reporter content (2 chars)
  ✓ Received reporter content (2 chars)
  ✓ Received reporter content (1 chars)
  ✓ Received reporter content (3 chars)
  ✓ Received reporter content (1 chars)
  ✓ Received reporter content (1 chars)
  ✓ Received reporter content (2 chars)
  ✓ Received reporter content (1 chars)
  ✓ Received reporter content (2 chars)
  ✓ Received reporter content (1 chars)
  ✓ Received reporter content (2 chars)
  ✓ Received reporter content (1 chars)
  ✓ Received reporter content (3 chars)
  ✓ Received reporter content (1 chars)
  ✓ Received reporter content (1 chars)
  ✓ Received reporter content (2 chars)
  ✓ Received reporter content (1 chars)
  ✓ Received reporter content (2 chars)
  ✓ Received reporter content (1 chars)
  ✓ Received reporter content (2 chars)
  ✓ Received reporter content (1 chars)
  ✓ Received reporter content (2 chars)
  ✓ Received reporter content (1 chars)
  ✓ Received reporter content (2 chars)
  ✓ Received reporter content (9 chars)
  ✓ Received reporter content (2 chars)
  ✓ Received reporter content (1 chars)
  ✓ Received reporter content (2 chars)
  ✓ Received reporter content (1 chars)
  ✓ Received reporter content (2 chars)
  ✓ Received reporter content (11 chars)
  ✓ Received reporter content (2 chars)
  ✓ Received reporter content (1 chars)
  ✓ Received reporter content (2 chars)
  ✓ Received reporter content (1 chars)
  ✓ Received reporter content (1 chars)
  ✓ Received reporter content (1 chars)
  ✓ Received reporter content (11 chars)
  ✓ Received reporter content (3 chars)
  ✓ Received reporter content (1 chars)
  ✓ Received reporter content (7 chars)
  ✓ Received reporter content (1 chars)
  ✓ Received reporter content (1 chars)
  ✓ Received reporter content (3 chars)
  ✓ Received reporter content (2 chars)
  ✓ Received reporter content (7 chars)
  ✓ Received reporter content (2 chars)
  ✓ Received reporter content (2 chars)
  ✓ Received reporter content (1 chars)
  ✓ Received reporter content (3 chars)
  ✓ Received reporter content (1 chars)
  ✓ Received reporter content (1 chars)
  ✓ Received reporter content (2 chars)
  ✓ Received reporter content (1 chars)
  ✓ Received reporter content (2 chars)
  ✓ Received reporter content (1 chars)
  ✓ Received reporter content (2 chars)
  ✓ Received reporter content (1 chars)
  ✓ Received reporter content (3 chars)
  ✓ Received reporter content (1 chars)
  ✓ Received reporter content (1 chars)
  ✓ Received reporter content (2 chars)
  ✓ Received reporter content (1 chars)
  ✓ Received reporter content (2 chars)
  ✓ Received reporter content (1 chars)
  ✓ Received reporter content (2 chars)
  ✓ Received reporter content (1 chars)
  ✓ Received reporter content (2 chars)
  ✓ Received reporter content (1 chars)
  ✓ Received reporter content (2 chars)
  ✓ Received reporter content (9 chars)
  ✓ Received reporter content (2 chars)
  ✓ Received reporter content (1 chars)
  ✓ Received reporter content (2 chars)
  ✓ Received reporter content (1 chars)
  ✓ Received reporter content (2 chars)
  ✓ Received reporter content (11 chars)
  ✓ Received reporter content (2 chars)
  ✓ Received reporter content (1 chars)
  ✓ Received reporter content (2 chars)
  ✓ Received reporter content (1 chars)
  ✓ Received reporter content (1 chars)
  ✓ Received reporter content (1 chars)
  ✓ Received reporter content (11 chars)
  ✓ Received reporter content (3 chars)
  ✓ Received reporter content (1 chars)
  ✓ Received reporter content (7 chars)
  ✓ Received reporter content (1 chars)
  ✓ Received reporter content (1 chars)
  ✓ Received reporter content (3 chars)
  ✓ Received reporter content (2 chars)
  ✓ Received reporter content (7 chars)
  ✓ Received reporter content (2 chars)
  ✓ Received reporter content (2 chars)
  ✓ Received reporter content (1 chars)
  ✓ Received reporter content (3 chars)
  ✓ Received reporter content (1 chars)
  ✓ Received reporter content (1 chars)
  ✓ Received reporter content (2 chars)
  ✓ Received reporter content (1 chars)
  ✓ Received reporter content (2 chars)
  ✓ Received reporter content (1 chars)
  ✓ Received reporter content (2 chars)
  ✓ Received reporter content (1 chars)
  ✓ Received reporter content (3 chars)
  ✓ Received reporter content (1 chars)
  ✓ Received reporter content (1 chars)
  ✓ Received reporter content (2 chars)
  ✓ Received reporter content (1 chars)
  ✓ Received reporter content (2 chars)
  ✓ Received reporter content (1 chars)
  ✓ Received reporter content (2 chars)
  ✓ Received reporter content (1 chars)
  ✓ Received reporter content (1 chars)
  ✓ Received reporter content (1 chars)
  ✓ Received reporter content (2 chars)
  ✓ Received reporter content (10 chars)
  ✓ Received reporter content (2 chars)
  ✓ Received reporter content (1 chars)
  ✓ Received reporter content (1 chars)
  ✓ Received reporter content (1 chars)
  ✓ Received reporter content (2 chars)
  ✓ Received reporter content (12 chars)
  ✓ Received reporter content (2 chars)
  ✓ Received reporter content (1 chars)
  ✓ Received reporter content (2 chars)
  ✓ Received reporter content (1 chars)
  ✓ Received reporter content (1 chars)
  ✓ Received reporter content (1 chars)
  ✓ Received reporter content (11 chars)
  ✓ Received reporter content (3 chars)
  ✓ Received reporter content (1 chars)
  ✓ Received reporter content (7 chars)
  ✓ Received reporter content (1 chars)
  ✓ Received reporter content (1 chars)
  ✓ Received reporter content (3 chars)
  ✓ Received reporter content (2 chars)
  ✓ Received reporter content (7 chars)
  ✓ Received reporter content (2 chars)
  ✓ Received reporter content (2 chars)
  ✓ Received reporter content (1 chars)
  ✓ Received reporter content (3 chars)
  ✓ Received reporter content (1 chars)
  ✓ Received reporter content (1 chars)
  ✓ Received reporter content (2 chars)
  ✓ Received reporter content (1 chars)
  ✓ Received reporter content (2 chars)
  ✓ Received reporter content (1 chars)
  ✓ Received reporter content (2 chars)
  ✓ Received reporter content (1 chars)
  ✓ Received reporter content (3 chars)
  ✓ Received reporter content (1 chars)
  ✓ Received reporter content (1 chars)
  ✓ Received reporter content (2 chars)
  ✓ Received reporter content (1 chars)
  ✓ Received reporter content (2 chars)
  ✓ Received reporter content (1 chars)
  ✓ Received reporter content (2 chars)
  ✓ Received reporter content (1 chars)
  ✓ Received reporter content (1 chars)
  ✓ Received reporter content (1 chars)
  ✓ Received reporter content (2 chars)
  ✓ Received reporter content (10 chars)
  ✓ Received reporter content (2 chars)
  ✓ Received reporter content (1 chars)
  ✓ Received reporter content (1 chars)
  ✓ Received reporter content (1 chars)
  ✓ Received reporter content (2 chars)
  ✓ Received reporter content (12 chars)
  ✓ Received reporter content (2 chars)
  ✓ Received reporter content (1 chars)
  ✓ Received reporter content (1 chars)
  ✓ Received reporter content (1 chars)
  ✓ Received reporter content (1 chars)
  ✓ Received reporter content (1 chars)
  ✓ Received reporter content (12 chars)
  ✓ Received reporter content (3 chars)
  ✓ Received reporter content (1 chars)
  ✓ Received reporter content (7 chars)
  ✓ Received reporter content (1 chars)
  ✓ Received reporter content (1 chars)
  ✓ Received reporter content (3 chars)
  ✓ Received reporter content (2 chars)
  ✓ Received reporter content (7 chars)
  ✓ Received reporter content (2 chars)
  ✓ Received reporter content (2 chars)
  ✓ Received reporter content (1 chars)
  ✓ Received reporter content (3 chars)
  ✓ Received reporter content (1 chars)
  ✓ Received reporter content (1 chars)
  ✓ Received reporter content (2 chars)
  ✓ Received reporter content (1 chars)
  ✓ Received reporter content (2 chars)
  ✓ Received reporter content (1 chars)
  ✓ Received reporter content (2 chars)
  ✓ Received reporter content (1 chars)
  ✓ Received reporter content (3 chars)
  ✓ Received reporter content (1 chars)
  ✓ Received reporter content (1 chars)
  ✓ Received reporter content (2 chars)
  ✓ Received reporter content (1 chars)
  ✓ Received reporter content (2 chars)
  ✓ Received reporter content (1 chars)
  ✓ Received reporter content (2 chars)
  ✓ Received reporter content (1 chars)
  ✓ Received reporter content (1 chars)
  ✓ Received reporter content (1 chars)
  ✓ Received reporter content (2 chars)
  ✓ Received reporter content (10 chars)
  ✓ Received reporter content (2 chars)
  ✓ Received reporter content (1 chars)
  ✓ Received reporter content (1 chars)
  ✓ Received reporter content (1 chars)
  ✓ Received reporter content (2 chars)
  ✓ Received reporter content (12 chars)
  ✓ Received reporter content (2 chars)
  ✓ Received reporter content (1 chars)
  ✓ Received reporter content (1 chars)
  ✓ Received reporter content (1 chars)
  ✓ Received reporter content (1 chars)
  ✓ Received reporter content (1 chars)
  ✓ Received reporter content (12 chars)
  ✓ Received reporter content (3 chars)
  ✓ Received reporter content (1 chars)
  ✓ Received reporter content (7 chars)
  ✓ Received reporter content (1 chars)
  ✓ Received reporter content (1 chars)
  ✓ Received reporter content (3 chars)
  ✓ Received reporter content (2 chars)
  ✓ Received reporter content (7 chars)
  ✓ Received reporter content (2 chars)
  ✓ Received reporter content (2 chars)
  ✓ Received reporter content (1 chars)
  ✓ Received reporter content (3 chars)
  ✓ Received reporter content (1 chars)
  ✓ Received reporter content (1 chars)
  ✓ Received reporter content (2 chars)
  ✓ Received reporter content (1 chars)
  ✓ Received reporter content (2 chars)
  ✓ Received reporter content (1 chars)
  ✓ Received reporter content (2 chars)
  ✓ Received reporter content (1 chars)
  ✓ Received reporter content (3 chars)
  ✓ Received reporter content (1 chars)
  ✓ Received reporter content (1 chars)
  ✓ Received reporter content (2 chars)
  ✓ Received reporter content (1 chars)
  ✓ Received reporter content (2 chars)
  ✓ Received reporter content (1 chars)
  ✓ Received reporter content (2 chars)
  ✓ Received reporter content (1 chars)
  ✓ Received reporter content (1 chars)
  ✓ Received reporter content (1 chars)
  ✓ Received reporter content (2 chars)
  ✓ Received reporter content (10 chars)
  ✓ Received reporter content (2 chars)
  ✓ Received reporter content (1 chars)
  ✓ Received reporter content (1 chars)
  ✓ Received reporter content (1 chars)
  ✓ Received reporter content (2 chars)
  ✓ Received reporter content (12 chars)
  ✓ Received reporter content (2 chars)
  ✓ Received reporter content (1 chars)
  ✓ Received reporter content (1 chars)
  ✓ Received reporter content (1 chars)
  ✓ Received reporter content (1 chars)
  ✓ Received reporter content (1 chars)
  ✓ Received reporter content (12 chars)
  ✓ Received reporter content (4 chars)
  ✓ Received reporter content (2 chars)
  ✓ Received reporter content (7 chars)
  ✓ Received reporter content (3 chars)
  ✓ Received reporter content (3 chars)
  ✓ Received reporter content (7 chars)
  ✓ Received reporter content (12 chars)
  ✓ Received reporter content (1 chars)
  ✓ Received reporter content (3 chars)
  ✓ Received reporter content (3 chars)
  ✓ Received reporter content (8 chars)
  ✓ Received reporter content (2 chars)
  ✓ Received reporter content (6 chars)
  ✓ Received reporter content (4 chars)
  ✓ Received reporter content (6 chars)
  ✓ Received reporter content (7 chars)
  ✓ Received reporter content (1 chars)
  ✓ Received reporter content (8 chars)
  ✓ Received reporter content (1 chars)
  ✓ Received reporter content (4 chars)
  ✓ Received reporter content (11 chars)
  ✓ Received reporter content (6 chars)
  ✓ Received reporter content (4 chars)
  ✓ Received reporter content (4 chars)
  ✓ Received reporter content (8 chars)
  ✓ Received reporter content (2 chars)
  ✓ Received reporter content (6 chars)
  ✓ Received reporter content (4 chars)
  ✓ Received reporter content (8 chars)
  ✓ Received reporter content (4 chars)
  ✓ Received reporter content (1 chars)
  ✓ Received reporter content (8 chars)
  ✓ Received reporter content (5 chars)
  ✓ Received reporter content (1 chars)
  ✓ Received reporter content (2 chars)
  ✓ Received reporter content (1 chars)
  ✓ Received reporter content (1 chars)
  ✓ Received reporter content (1 chars)
  ✓ Received reporter content (3 chars)
  ✓ Received reporter content (1 chars)
  ✓ Received reporter content (3 chars)
  ✓ Received reporter content (2 chars)
  ✓ Received reporter content (4 chars)
  ✓ Received reporter content (7 chars)
  ✓ Received reporter content (7 chars)
  ✓ Received reporter content (1 chars)
  ✓ Received reporter content (1 chars)
  ✓ Received reporter content (6 chars)
  ✓ Received reporter content (2 chars)
  ✓ Received reporter content (8 chars)
  ✓ Received reporter content (5 chars)
  ✓ Received reporter content (3 chars)
  ✓ Received reporter content (11 chars)
  ✓ Received reporter content (5 chars)
  ✓ Received reporter content (3 chars)
  ✓ Received reporter content (1 chars)
  ✓ Received reporter content (2 chars)
  ✓ Received reporter content (1 chars)
  ✓ Received reporter content (1 chars)
  ✓ Received reporter content (2 chars)
  ✓ Received reporter content (11 chars)
  ✓ Received reporter content (9 chars)
  ✓ Received reporter content (9 chars)
  ✓ Received reporter content (3 chars)
  ✓ Received reporter content (6 chars)
  ✓ Received reporter content (3 chars)
  ✓ Received reporter content (7 chars)
  ✓ Received reporter content (3 chars)
  ✓ Received reporter content (5 chars)
  ✓ Received reporter content (11 chars)
  ✓ Received reporter content (1 chars)
  ✓ Received reporter content (13 chars)
  ✓ Received reporter content (1 chars)
  ✓ Received reporter content (2 chars)
  ✓ Received reporter content (6 chars)
  ✓ Received reporter content (1 chars)
  ✓ Received reporter content (1 chars)
  ✓ Received reporter content (1 chars)
  ✓ Received reporter content (1 chars)
  ✓ Received reporter content (1 chars)
  ✓ Received reporter content (1 chars)
  ✓ Received reporter content (4 chars)
  ✓ Received reporter content (1 chars)
  ✓ Received reporter content (1 chars)
  ✓ Received reporter content (5 chars)
  ✓ Received reporter content (3 chars)
  ✓ Received reporter content (8 chars)
  ✓ Received reporter content (6 chars)
  ✓ Received reporter content (7 chars)
  ✓ Received reporter content (1 chars)
  ✓ Received reporter content (11 chars)
  ✓ Received reporter content (9 chars)
  ✓ Received reporter content (7 chars)
  ✓ Received reporter content (9 chars)
  ✓ Received reporter content (13 chars)
  ✓ Received reporter content (3 chars)
  ✓ Received reporter content (6 chars)
  ✓ Received reporter content (3 chars)
  ✓ Received reporter content (6 chars)
  ✓ Received reporter content (9 chars)
  ✓ Received reporter content (12 chars)
  ✓ Received reporter content (6 chars)
  ✓ Received reporter content (3 chars)
  ✓ Received reporter content (6 chars)
  ✓ Received reporter content (12 chars)
  ✓ Received reporter content (3 chars)
  ✓ Received reporter content (3 chars)
  ✓ Received reporter content (2 chars)
  ✓ Received reporter content (1 chars)
  ✓ Received reporter content (2 chars)
  ✓ Received reporter content (4 chars)
  ✓ Received reporter content (2 chars)
  ✓ Received reporter content (3 chars)
  ✓ Received reporter content (6 chars)
  ✓ Received reporter content (9 chars)
  ✓ Received reporter content (4 chars)
  ✓ Received reporter content (7 chars)
  ✓ Received reporter content (1 chars)
  ✓ Received reporter content (1 chars)
  ✓ Received reporter content (1 chars)
  ✓ Received reporter content (1 chars)
  ✓ Received reporter content (3 chars)
  ✓ Received reporter content (5 chars)
  ✓ Received reporter content (6 chars)
  ✓ Received reporter content (3 chars)
  ✓ Received reporter content (1 chars)
  ✓ Received reporter content (1 chars)
  ✓ Received reporter content (1 chars)
  ✓ Received reporter content (1 chars)
  ✓ Received reporter content (6 chars)
  ✓ Received reporter content (7 chars)
  ✓ Received reporter content (1 chars)
  ✓ Received reporter content (1 chars)
  ✓ Received reporter content (3 chars)
  ✓ Received reporter content (9 chars)
  ✓ Received reporter content (5 chars)
  ✓ Received reporter content (3 chars)
  ✓ Received reporter content (1 chars)
  ✓ Received reporter content (1 chars)
  ✓ Received reporter content (1 chars)
  ✓ Received reporter content (1 chars)
  ✓ Received reporter content (6 chars)
  ✓ Received reporter content (6 chars)
  ✓ Received reporter content (1 chars)
  ✓ Received reporter content (1 chars)
  ✓ Received reporter content (3 chars)
  ✓ Received reporter content (7 chars)
  ✓ Received reporter content (7 chars)
  ✓ Received reporter content (3 chars)
  ✓ Received reporter content (3 chars)
  ✓ Received reporter content (6 chars)
  ✓ Received reporter content (3 chars)
  ✓ Received reporter content (9 chars)
  ✓ Received reporter content (7 chars)
  ✓ Received reporter content (4 chars)
  ✓ Received reporter content (4 chars)
  ✓ Received reporter content (5 chars)
  ✓ Received reporter content (2 chars)
  ✓ Received reporter content (3 chars)
  ✓ Received reporter content (2 chars)
  ✓ Received reporter content (9 chars)
  ✓ Received reporter content (5 chars)
  ✓ Received reporter content (3 chars)
  ✓ Received reporter content (4 chars)
  ✓ Received reporter content (5 chars)
  ✓ Received reporter content (3 chars)
  ✓ Received reporter content (10 chars)
  ✓ Received reporter content (3 chars)
  ✓ Received reporter content (9 chars)
  ✓ Received reporter content (4 chars)
  ✓ Received reporter content (7 chars)
  ✓ Received reporter content (13 chars)
  ✓ Received reporter content (1 chars)
  ✓ Received reporter content (9 chars)
  ✓ Received reporter content (4 chars)
  ✓ Received reporter content (10 chars)
  ✓ Received reporter content (5 chars)
  ✓ Received reporter content (10 chars)
  ✓ Received reporter content (4 chars)
  ✓ Received reporter content (5 chars)
  ✓ Received reporter content (4 chars)
  ✓ Received reporter content (8 chars)
  ✓ Received reporter content (10 chars)
  ✓ Received reporter content (3 chars)
  ✓ Received reporter content (4 chars)
  ✓ Received reporter content (5 chars)
  ✓ Received reporter content (7 chars)
  ✓ Received reporter content (1 chars)
  ✓ Received reporter content (12 chars)
  ✓ Received reporter content (9 chars)
  ✓ Received reporter content (8 chars)
  ✓ Received reporter content (10 chars)
  ✓ Received reporter content (9 chars)
  ✓ Received reporter content (4 chars)
  ✓ Received reporter content (8 chars)
  ✓ Received reporter content (3 chars)
  ✓ Received reporter content (10 chars)
  ✓ Received reporter content (9 chars)
  ✓ Received reporter content (5 chars)
  ✓ Received reporter content (3 chars)
  ✓ Received reporter content (8 chars)
  ✓ Received reporter content (3 chars)
  ✓ Received reporter content (3 chars)
  ✓ Received reporter content (2 chars)
  ✓ Received reporter content (1 chars)
  ✓ Received reporter content (2 chars)
  ✓ Received reporter content (9 chars)
  ✓ Received reporter content (6 chars)
  ✓ Received reporter content (9 chars)
  ✓ Received reporter content (1 chars)
  ✓ Received reporter content (1 chars)
  ✓ Received reporter content (3 chars)
  ✓ Received reporter content (7 chars)
  ✓ Received reporter content (9 chars)
  ✓ Received reporter content (3 chars)
  ✓ Received reporter content (1 chars)
  ✓ Received reporter content (2 chars)
  ✓ Received reporter content (1 chars)
  ✓ Received reporter content (1 chars)
  ✓ Received reporter content (6 chars)
  ✓ Received reporter content (7 chars)
  ✓ Received reporter content (2 chars)
  ✓ Received reporter content (5 chars)
  ✓ Received reporter content (2 chars)
  ✓ Received reporter content (1 chars)
  ✓ Received reporter content (3 chars)
  ✓ Received reporter content (6 chars)
  ✓ Received reporter content (9 chars)
  ✓ Received reporter content (3 chars)
  ✓ Received reporter content (1 chars)
  ✓ Received reporter content (1 chars)
  ✓ Received reporter content (1 chars)
  ✓ Received reporter content (1 chars)
  ✓ Received reporter content (1 chars)
  ✓ Received reporter content (11 chars)
  ✓ Received reporter content (2 chars)
  ✓ Received reporter content (11 chars)
  ✓ Received reporter content (9 chars)
  ✓ Received reporter content (6 chars)
  ✓ Received reporter content (2 chars)
  ✓ Received reporter content (3 chars)
  ✓ Received reporter content (1 chars)
  ✓ Received reporter content (11 chars)
  ✓ Received reporter content (6 chars)
  ✓ Received reporter content (3 chars)
  ✓ Received reporter content (7 chars)
  ✓ Received reporter content (2 chars)
  ✓ Received reporter content (7 chars)
  ✓ Received reporter content (1 chars)
  ✓ Received reporter content (1 chars)
  ✓ Received reporter content (2 chars)
  ✓ Received reporter content (7 chars)
  ✓ Received reporter content (1 chars)
  ✓ Received reporter content (1 chars)
  ✓ Received reporter content (2 chars)
  ✓ Received reporter content (7 chars)
  ✓ Received reporter content (1 chars)
  ✓ Received reporter content (1 chars)
  ✓ Received reporter content (3 chars)
  ✓ Received reporter content (1 chars)
  ✓ Received reporter content (16 chars)
  ✓ Received reporter content (12 chars)
  ✓ Received reporter content (1 chars)
  ✓ Received reporter content (10 chars)
  ✓ Received reporter content (1 chars)
  ✓ Received reporter content (10 chars)
  ✓ Received reporter content (1 chars)
  ✓ Received reporter content (10 chars)
  ✓ Received reporter content (2 chars)
  ✓ Received reporter content (1 chars)
  ✓ Received reporter content (11 chars)
  ✓ Received reporter content (5 chars)
  ✓ Received reporter content (11 chars)
  ✓ Received reporter content (2 chars)
  ✓ Received reporter content (1 chars)
  ✓ Received reporter content (2 chars)
  ✓ Received reporter content (1 chars)
  ✓ Received reporter content (1 chars)
  ✓ Received reporter content (1 chars)
  ✓ Received reporter content (3 chars)
  ✓ Received reporter content (2 chars)
  ✓ Received reporter content (1 chars)
  ✓ Received reporter content (2 chars)
  ✓ Received reporter content (1 chars)
  ✓ Received reporter content (1 chars)
  ✓ Received reporter content (1 chars)
  ✓ Received reporter content (3 chars)
  ✓ Received reporter content (2 chars)
  ✓ Received reporter content (1 chars)
  ✓ Received reporter content (2 chars)
  ✓ Received reporter content (1 chars)
  ✓ Received reporter content (1 chars)
  ✓ Received reporter content (1 chars)
  ✓ Received reporter content (3 chars)
  ✓ Received reporter content (4 chars)
  ✓ Received reporter content (2 chars)
  ✓ Received reporter content (8 chars)
  ✓ Received reporter content (3 chars)
  ✓ Received reporter content (6 chars)
  ✓ Received reporter content (4 chars)
  ✓ Received reporter content (8 chars)
  ✓ Received reporter content (9 chars)
  ✓ Received reporter content (3 chars)
  ✓ Received reporter content (7 chars)
  ✓ Received reporter content (1 chars)
  ✓ Received reporter content (4 chars)
  ✓ Received reporter content (7 chars)
  ✓ Received reporter content (7 chars)
  ✓ Received reporter content (8 chars)
  ✓ Received reporter content (5 chars)
  ✓ Received reporter content (10 chars)
  ✓ Received reporter content (6 chars)
  ✓ Received reporter content (7 chars)
  ✓ Received reporter content (9 chars)
  ✓ Received reporter content (2 chars)
  ✓ Received reporter content (9 chars)
  ✓ Received reporter content (8 chars)
  ✓ Received reporter content (1 chars)
  ✓ Received reporter content (5 chars)
  ✓ Received reporter content (4 chars)
  ✓ Received reporter content (9 chars)
  ✓ Received reporter content (11 chars)
  ✓ Received reporter content (9 chars)
  ✓ Received reporter content (12 chars)
  ✓ Received reporter content (3 chars)
  ✓ Received reporter content (6 chars)
  ✓ Received reporter content (9 chars)
  ✓ Received reporter content (6 chars)
  ✓ Received reporter content (14 chars)
  ✓ Received reporter content (8 chars)
  ✓ Received reporter content (3 chars)
  ✓ Received reporter content (3 chars)
  ✓ Received reporter content (2 chars)
  ✓ Received reporter content (1 chars)
  ✓ Received reporter content (2 chars)
  ✓ Received reporter content (2 chars)
  ✓ Received reporter content (9 chars)
  ✓ Received reporter content (5 chars)
  ✓ Received reporter content (8 chars)
  ✓ Received reporter content (2 chars)
  ✓ Received reporter content (2 chars)
  ✓ Received reporter content (1 chars)
  ✓ Received reporter content (1 chars)
  ✓ Received reporter content (9 chars)
  ✓ Received reporter content (2 chars)
  ✓ Received reporter content (1 chars)
  ✓ Received reporter content (7 chars)
  ✓ Received reporter content (5 chars)
  ✓ Received reporter content (2 chars)
  ✓ Received reporter content (5 chars)
  ✓ Received reporter content (6 chars)
  ✓ Received reporter content (3 chars)
  ✓ Received reporter content (1 chars)
  ✓ Received reporter content (13 chars)
  ✓ Received reporter content (1 chars)
  ✓ Received reporter content (12 chars)
  ✓ Received reporter content (2 chars)
  ✓ Received reporter content (1 chars)
  ✓ Received reporter content (3 chars)
  ✓ Received reporter content (5 chars)
  ✓ Received reporter content (4 chars)
  ✓ Received reporter content (2 chars)
  ✓ Received reporter content (1 chars)
  ✓ Received reporter content (1 chars)
  ✓ Received reporter content (9 chars)
  ✓ Received reporter content (3 chars)
  ✓ Received reporter content (1 chars)
  ✓ Received reporter content (3 chars)
  ✓ Received reporter content (9 chars)
  ✓ Received reporter content (2 chars)
  ✓ Received reporter content (1 chars)
  ✓ Received reporter content (3 chars)
  ✓ Received reporter content (7 chars)
  ✓ Received reporter content (3 chars)
  ✓ Received reporter content (1 chars)
  ✓ Received reporter content (5 chars)
  ✓ Received reporter content (7 chars)
  ✓ Received reporter content (2 chars)
  ✓ Received reporter content (1 chars)
  ✓ Received reporter content (3 chars)
  ✓ Received reporter content (7 chars)
  ✓ Received reporter content (3 chars)
  ✓ Received reporter content (1 chars)
  ✓ Received reporter content (4 chars)
  ✓ Received reporter content (8 chars)
  ✓ Received reporter content (2 chars)
  ✓ Received reporter content (1 chars)
  ✓ Received reporter content (3 chars)
  ✓ Received reporter content (7 chars)
  ✓ Received reporter content (4 chars)
  ✓ Received reporter content (2 chars)
  ✓ Received reporter content (7 chars)
  ✓ Received reporter content (5 chars)
  ✓ Received reporter content (11 chars)
  ✓ Received reporter content (3 chars)
  ✓ Received reporter content (1 chars)
  ✓ Received reporter content (2 chars)
  ✓ Received reporter content (1 chars)
  ✓ Received reporter content (1 chars)
  ✓ Received reporter content (3 chars)
  ✓ Received reporter content (2 chars)
  ✓ Received reporter content (1 chars)
  ✓ Received reporter content (3 chars)
  ✓ Received reporter content (6 chars)
  ✓ Received reporter content (10 chars)
  ✓ Received reporter content (2 chars)
  ✓ Received reporter content (16 chars)
  ✓ Received reporter content (3 chars)
  ✓ Received reporter content (4 chars)
  ✓ Received reporter content (5 chars)
  ✓ Received reporter content (6 chars)
  ✓ Received reporter content (3 chars)
  ✓ Received reporter content (6 chars)
  ✓ Received reporter content (3 chars)
  ✓ Received reporter content (9 chars)
  ✓ Received reporter content (9 chars)
  ✓ Received reporter content (5 chars)
  ✓ Received reporter content (5 chars)
  ✓ Received reporter content (3 chars)
  ✓ Received reporter content (6 chars)
  ✓ Received reporter content (6 chars)
  ✓ Received reporter content (2 chars)
  ✓ Received reporter content (1 chars)
  ✓ Received reporter content (12 chars)
  ✓ Received reporter content (10 chars)
  ✓ Received reporter content (8 chars)
  ✓ Received reporter content (9 chars)
  ✓ Received reporter content (1 chars)
  ✓ Received reporter content (10 chars)
  ✓ Received reporter content (7 chars)
  ✓ Received reporter content (3 chars)
  ✓ Received reporter content (6 chars)
  ✓ Received reporter content (5 chars)
  ✓ Received reporter content (3 chars)
  ✓ Received reporter content (13 chars)
  ✓ Received reporter content (2 chars)
  ✓ Received reporter content (2 chars)
  ✓ Received reporter content (7 chars)
  ✓ Received reporter content (4 chars)
  ✓ Received reporter content (10 chars)
  ✓ Received reporter content (5 chars)
  ✓ Received reporter content (9 chars)
  ✓ Received reporter content (6 chars)
  ✓ Received reporter content (9 chars)
  ✓ Received reporter content (7 chars)
  ✓ Received reporter content (3 chars)
  ✓ Received reporter content (3 chars)
  ✓ Received reporter content (2 chars)
  ✓ Received reporter content (1 chars)
  ✓ Received reporter content (2 chars)
  ✓ Received reporter content (1 chars)
  ✓ Received reporter content (6 chars)
  ✓ Received reporter content (5 chars)
  ✓ Received reporter content (9 chars)
  ✓ Received reporter content (1 chars)
  ✓ Received reporter content (1 chars)
  ✓ Received reporter content (3 chars)
  ✓ Received reporter content (7 chars)
  ✓ Received reporter content (6 chars)
  ✓ Received reporter content (5 chars)
  ✓ Received reporter content (3 chars)
  ✓ Received reporter content (1 chars)
  ✓ Received reporter content (2 chars)
  ✓ Received reporter content (1 chars)
  ✓ Received reporter content (1 chars)
  ✓ Received reporter content (5 chars)
  ✓ Received reporter content (1 chars)
  ✓ Received reporter content (1 chars)
  ✓ Received reporter content (3 chars)
  ✓ Received reporter content (6 chars)
  ✓ Received reporter content (6 chars)
  ✓ Received reporter content (5 chars)
  ✓ Received reporter content (3 chars)
  ✓ Received reporter content (1 chars)
  ✓ Received reporter content (2 chars)
  ✓ Received reporter content (5 chars)
  ✓ Received reporter content (1 chars)
  ✓ Received reporter content (1 chars)
  ✓ Received reporter content (3 chars)
  ✓ Received reporter content (3 chars)
  ✓ Received reporter content (4 chars)
  ✓ Received reporter content (4 chars)
  ✓ Received reporter content (5 chars)
  ✓ Received reporter content (3 chars)
  ✓ Received reporter content (1 chars)
  ✓ Received reporter content (1 chars)
  ✓ Received reporter content (6 chars)
  ✓ Received reporter content (10 chars)
  ✓ Received reporter content (8 chars)
  ✓ Received reporter content (6 chars)
  ✓ Received reporter content (5 chars)
  ✓ Received reporter content (3 chars)
  ✓ Received reporter content (2 chars)
  ✓ Received reporter content (3 chars)
  ✓ Received reporter content (8 chars)
  ✓ Received reporter content (3 chars)
  ✓ Received reporter content (7 chars)
  ✓ Received reporter content (6 chars)
  ✓ Received reporter content (6 chars)
  ✓ Received reporter content (6 chars)
  ✓ Received reporter content (7 chars)
  ✓ Received reporter content (11 chars)
  ✓ Received reporter content (3 chars)
  ✓ Received reporter content (5 chars)
  ✓ Received reporter content (10 chars)
  ✓ Received reporter content (3 chars)
  ✓ Received reporter content (6 chars)
  ✓ Received reporter content (9 chars)
  ✓ Received reporter content (7 chars)
  ✓ Received reporter content (4 chars)
  ✓ Received reporter content (5 chars)
  ✓ Received reporter content (9 chars)
  ✓ Received reporter content (1 chars)
  ✓ Received reporter content (6 chars)
  ✓ Received reporter content (6 chars)
  ✓ Received reporter content (4 chars)
  ✓ Received reporter content (11 chars)
  ✓ Received reporter content (4 chars)
  ✓ Received reporter content (8 chars)
  ✓ Received reporter content (7 chars)
  ✓ Received reporter content (6 chars)
  ✓ Received reporter content (4 chars)
  ✓ Received reporter content (5 chars)
  ✓ Received reporter content (7 chars)
  ✓ Received reporter content (3 chars)
  ✓ Received reporter content (2 chars)
  ✓ Received reporter content (6 chars)
  ✓ Received reporter content (4 chars)
  ✓ Received reporter content (12 chars)
  ✓ Received reporter content (3 chars)
  ✓ Received reporter content (3 chars)
  ✓ Received reporter content (2 chars)
  ✓ Received reporter content (1 chars)
  ✓ Received reporter content (2 chars)
  ✓ Received reporter content (5 chars)
  ✓ Received reporter content (13 chars)
  ✓ Received reporter content (9 chars)
  ✓ Received reporter content (2 chars)
  ✓ Received reporter content (1 chars)
  ✓ Received reporter content (4 chars)
  ✓ Received reporter content (5 chars)
  ✓ Received reporter content (17 chars)
  ✓ Received reporter content (2 chars)
  ✓ Received reporter content (7 chars)
  ✓ Received reporter content (3 chars)
  ✓ Received reporter content (6 chars)
  ✓ Received reporter content (2 chars)
  ✓ Received reporter content (11 chars)
  ✓ Received reporter content (3 chars)
  ✓ Received reporter content (1 chars)
  ✓ Received reporter content (16 chars)
  ✓ Received reporter content (11 chars)
  ✓ Received reporter content (1 chars)
  ✓ Received reporter content (16 chars)
  ✓ Received reporter content (2 chars)
  ✓ Received reporter content (1 chars)
  ✓ Received reporter content (12 chars)
  ✓ Received reporter content (2 chars)
  ✓ Received reporter content (1 chars)
  ✓ Received reporter content (5 chars)
  ✓ Received reporter content (7 chars)
  ✓ Received reporter content (4 chars)
  ✓ Received reporter content (10 chars)
  ✓ Received reporter content (2 chars)
  ✓ Received reporter content (1 chars)
  ✓ Received reporter content (2 chars)
  ✓ Received reporter content (14 chars)
  ✓ Received reporter content (2 chars)
  ✓ Received reporter content (1 chars)
  ✓ Received reporter content (2 chars)
  ✓ Received reporter content (1 chars)
  ✓ Received reporter content (1 chars)
  ✓ Received reporter content (1 chars)
  ✓ Received reporter content (5 chars)
  ✓ Received reporter content (3 chars)
  ✓ Received reporter content (1 chars)
  ✓ Received reporter content (5 chars)
  ✓ Received reporter content (7 chars)
  ✓ Received reporter content (2 chars)
  ✓ Received reporter content (3 chars)
  ✓ Received reporter content (3 chars)
  ✓ Received reporter content (2 chars)
  ✓ Received reporter content (4 chars)
  ✓ Received reporter content (2 chars)
  ✓ Received reporter content (1 chars)
  ✓ Received reporter content (2 chars)
  ✓ Received reporter content (14 chars)
  ✓ Received reporter content (2 chars)
  ✓ Received reporter content (1 chars)
  ✓ Received reporter content (2 chars)
  ✓ Received reporter content (1 chars)
  ✓ Received reporter content (1 chars)
  ✓ Received reporter content (1 chars)
  ✓ Received reporter content (5 chars)
  ✓ Received reporter content (3 chars)
  ✓ Received reporter content (1 chars)
  ✓ Received reporter content (3 chars)
  ✓ Received reporter content (3 chars)
  ✓ Received reporter content (7 chars)
  ✓ Received reporter content (3 chars)
  ✓ Received reporter content (2 chars)
  ✓ Received reporter content (8 chars)
  ✓ Received reporter content (2 chars)
  ✓ Received reporter content (1 chars)
  ✓ Received reporter content (2 chars)
  ✓ Received reporter content (14 chars)
  ✓ Received reporter content (2 chars)
  ✓ Received reporter content (1 chars)
  ✓ Received reporter content (2 chars)
  ✓ Received reporter content (1 chars)
  ✓ Received reporter content (1 chars)
  ✓ Received reporter content (1 chars)
  ✓ Received reporter content (5 chars)
  ✓ Received reporter content (3 chars)
  ✓ Received reporter content (1 chars)
  ✓ Received reporter content (3 chars)
  ✓ Received reporter content (3 chars)
  ✓ Received reporter content (3 chars)
  ✓ Received reporter content (2 chars)
  ✓ Received reporter content (1 chars)
  ✓ Received reporter content (3 chars)
  ✓ Received reporter content (2 chars)
  ✓ Received reporter content (8 chars)
  ✓ Received reporter content (2 chars)
  ✓ Received reporter content (1 chars)
  ✓ Received reporter content (2 chars)
  ✓ Received reporter content (14 chars)
  ✓ Received reporter content (2 chars)
  ✓ Received reporter content (1 chars)
  ✓ Received reporter content (2 chars)
  ✓ Received reporter content (1 chars)
  ✓ Received reporter content (1 chars)
  ✓ Received reporter content (1 chars)
  ✓ Received reporter content (5 chars)
  ✓ Received reporter content (3 chars)
  ✓ Received reporter content (1 chars)
  ✓ Received reporter content (3 chars)
  ✓ Received reporter content (3 chars)
  ✓ Received reporter content (3 chars)
  ✓ Received reporter content (4 chars)
  ✓ Received reporter content (13 chars)
  ✓ Received reporter content (2 chars)
  ✓ Received reporter content (1 chars)
  ✓ Received reporter content (2 chars)
  ✓ Received reporter content (14 chars)
  ✓ Received reporter content (2 chars)
  ✓ Received reporter content (1 chars)
  ✓ Received reporter content (2 chars)
  ✓ Received reporter content (1 chars)
  ✓ Received reporter content (1 chars)
  ✓ Received reporter content (1 chars)
  ✓ Received reporter content (5 chars)
  ✓ Received reporter content (3 chars)
  ✓ Received reporter content (1 chars)
  ✓ Received reporter content (3 chars)
  ✓ Received reporter content (8 chars)
  ✓ Received reporter content (15 chars)
  ✓ Received reporter content (2 chars)
  ✓ Received reporter content (1 chars)
  ✓ Received reporter content (2 chars)
  ✓ Received reporter content (14 chars)
  ✓ Received reporter content (2 chars)
  ✓ Received reporter content (1 chars)
  ✓ Received reporter content (1 chars)
  ✓ Received reporter content (1 chars)
  ✓ Received reporter content (1 chars)
  ✓ Received reporter content (1 chars)
  ✓ Received reporter content (6 chars)
  ✓ Received reporter content (4 chars)
  ✓ Received reporter content (2 chars)
  ✓ Received reporter content (10 chars)
  ✓ Received reporter content (11 chars)
  ✓ Received reporter content (3 chars)
  ✓ Received reporter content (2 chars)
  ✓ Received reporter content (12 chars)
  ✓ Received reporter content (11 chars)
  ✓ Received reporter content (3 chars)
  ✓ Received reporter content (4 chars)
  ✓ Received reporter content (9 chars)
  ✓ Received reporter content (2 chars)
  ✓ Received reporter content (13 chars)
  ✓ Received reporter content (1 chars)
  ✓ Received reporter content (2 chars)
  ✓ Received reporter content (1 chars)
  ✓ Received reporter content (1 chars)
  ✓ Received reporter content (2 chars)
  ✓ Received reporter content (3 chars)
  ✓ Received reporter content (13 chars)
  ✓ Received reporter content (3 chars)
  ✓ Received reporter content (5 chars)
  ✓ Received reporter content (7 chars)
  ✓ Received reporter content (4 chars)
  ✓ Received reporter content (1 chars)
  ✓ Received reporter content (5 chars)
  ✓ Received reporter content (7 chars)
  ✓ Received reporter content (13 chars)
  ✓ Received reporter content (3 chars)
  ✓ Received reporter content (6 chars)
  ✓ Received reporter content (4 chars)
  ✓ Received reporter content (5 chars)
  ✓ Received reporter content (3 chars)
  ✓ Received reporter content (8 chars)
  ✓ Received reporter content (4 chars)
  ✓ Received reporter content (7 chars)
  ✓ Received reporter content (8 chars)
  ✓ Received reporter content (11 chars)
  ✓ Received reporter content (1 chars)
  ✓ Received reporter content (3 chars)
  ✓ Received reporter content (6 chars)
  ✓ Received reporter content (3 chars)
  ✓ Received reporter content (8 chars)
  ✓ Received reporter content (3 chars)
  ✓ Received reporter content (13 chars)
  ✓ Received reporter content (5 chars)
  ✓ Received reporter content (6 chars)
  ✓ Received reporter content (3 chars)
  ✓ Received reporter content (9 chars)
  ✓ Received reporter content (5 chars)
  ✓ Received reporter content (7 chars)
  ✓ Received reporter content (4 chars)
  ✓ Received reporter content (7 chars)
  ✓ Received reporter content (9 chars)
  ✓ Received reporter content (10 chars)
  ✓ Received reporter content (3 chars)
  ✓ Received reporter content (3 chars)
  ✓ Received reporter content (2 chars)
  ✓ Received reporter content (1 chars)
  ✓ Received reporter content (2 chars)
  ✓ Received reporter content (6 chars)
  ✓ Received reporter content (6 chars)
  ✓ Received reporter content (9 chars)
  ✓ Received reporter content (1 chars)
  ✓ Received reporter content (1 chars)
  ✓ Received reporter content (3 chars)
  ✓ Received reporter content (5 chars)
  ✓ Received reporter content (7 chars)
  ✓ Received reporter content (8 chars)
  ✓ Received reporter content (3 chars)
  ✓ Received reporter content (1 chars)
  ✓ Received reporter content (3 chars)
  ✓ Received reporter content (1 chars)
  ✓ Received reporter content (1 chars)
  ✓ Received reporter content (3 chars)
  ✓ Received reporter content (5 chars)
  ✓ Received reporter content (7 chars)
  ✓ Received reporter content (4 chars)
  ✓ Received reporter content (5 chars)
  ✓ Received reporter content (3 chars)
  ✓ Received reporter content (1 chars)
  ✓ Received reporter content (3 chars)
  ✓ Received reporter content (1 chars)
  ✓ Received reporter content (1 chars)
  ✓ Received reporter content (3 chars)
  ✓ Received reporter content (3 chars)
  ✓ Received reporter content (7 chars)
  ✓ Received reporter content (3 chars)
  ✓ Received reporter content (2 chars)
  ✓ Received reporter content (2 chars)
  ✓ Received reporter content (1 chars)
  ✓ Received reporter content (1 chars)
  ✓ Received reporter content (3 chars)
  ✓ Received reporter content (5 chars)
  ✓ Received reporter content (5 chars)
  ✓ Received reporter content (3 chars)
  ✓ Received reporter content (8 chars)
  ✓ Received reporter content (3 chars)
  ✓ Received reporter content (1 chars)
  ✓ Received reporter content (1 chars)
  ✓ Received reporter content (1 chars)
  ✓ Received reporter content (1 chars)
  ✓ Received reporter content (8 chars)
  ✓ Received reporter content (3 chars)
  ✓ Received reporter content (1 chars)
  ✓ Received reporter content (1 chars)
  ✓ Received reporter content (1 chars)
  ✓ Received reporter content (1 chars)
  ✓ Received reporter content (9 chars)
  ✓ Received reporter content (4 chars)
  ✓ Received reporter content (4 chars)
  ✓ Received reporter content (3 chars)
  ✓ Received reporter content (2 chars)
  ✓ Received reporter content (9 chars)
  ✓ Received reporter content (5 chars)
  ✓ Received reporter content (3 chars)
  ✓ Received reporter content (2 chars)
  ✓ Received reporter content (9 chars)
  ✓ Received reporter content (6 chars)
  ✓ Received reporter content (1 chars)
  ✓ Received reporter content (5 chars)
  ✓ Received reporter content (5 chars)
  ✓ Received reporter content (7 chars)
  ✓ Received reporter content (9 chars)
  ✓ Received reporter content (5 chars)
  ✓ Received reporter content (8 chars)
  ✓ Received reporter content (1 chars)
  ✓ Received reporter content (11 chars)
  ✓ Received reporter content (4 chars)
  ✓ Received reporter content (7 chars)
  ✓ Received reporter content (14 chars)
  ✓ Received reporter content (3 chars)
  ✓ Received reporter content (9 chars)
  ✓ Received reporter content (6 chars)
  ✓ Received reporter content (1 chars)
  ✓ Received reporter content (5 chars)
  ✓ Received reporter content (7 chars)
  ✓ Received reporter content (11 chars)
  ✓ Received reporter content (3 chars)
  ✓ Received reporter content (6 chars)
  ✓ Received reporter content (11 chars)
  ✓ Received reporter content (9 chars)
  ✓ Received reporter content (5 chars)
  ✓ Received reporter content (3 chars)
  ✓ Received reporter content (8 chars)
  ✓ Received reporter content (11 chars)
  ✓ Received reporter content (3 chars)
  ✓ Received reporter content (2 chars)
  ✓ Received reporter content (4 chars)
  ✓ Received reporter content (4 chars)
  ✓ Received reporter content (6 chars)
  ✓ Received reporter content (1 chars)
  ✓ Received reporter content (1 chars)
  ✓ Received reporter content (2 chars)
  ✓ Received reporter content (7 chars)
  ✓ Received reporter content (11 chars)
  ✓ Received reporter content (10 chars)
  ✓ Received reporter content (1 chars)
  ✓ Received reporter content (3 chars)
  ✓ Received reporter content (1 chars)
  ✓ Received reporter content (2 chars)
  ✓ Received reporter content (6 chars)
  ✓ Received reporter content (2 chars)
  ✓ Received reporter content (5 chars)
  ✓ Received reporter content (3 chars)
  ✓ Received reporter content (3 chars)
  ✓ Received reporter content (2 chars)
  ✓ Received reporter content (2 chars)
  ✓ Received reporter content (4 chars)
  ✓ Received reporter content (2 chars)
  ✓ Received reporter content (2 chars)
  ✓ Received reporter content (2 chars)
  ✓ Received reporter content (6 chars)
  ✓ Received reporter content (1 chars)
  ✓ Received reporter content (5 chars)
  ✓ Received reporter content (4 chars)
  ✓ Received reporter content (2 chars)
  ✓ Received reporter content (3 chars)
  ✓ Received reporter content (1 chars)
  ✓ Received reporter content (2 chars)
  ✓ Received reporter content (2 chars)
  ✓ Received reporter content (3 chars)
  ✓ Received reporter content (9 chars)
  ✓ Received reporter content (1 chars)
  ✓ Received reporter content (6 chars)
  ✓ Received reporter content (9 chars)
  ✓ Received reporter content (1 chars)
  ✓ Received reporter content (2 chars)
  ✓ Received reporter content (5 chars)
  ✓ Received reporter content (3 chars)
  ✓ Received reporter content (2 chars)
  ✓ Received reporter content (3 chars)
  ✓ Received reporter content (8 chars)
  ✓ Received reporter content (1 chars)
  ✓ Received reporter content (4 chars)
  ✓ Received reporter content (1 chars)
  ✓ Received reporter content (3 chars)
  ✓ Received reporter content (1 chars)
  ✓ Received reporter content (2 chars)
  ✓ Received reporter content (3 chars)
  ✓ Received reporter content (2 chars)
  ✓ Received reporter content (9 chars)
  ✓ Received reporter content (1 chars)
  ✓ Received reporter content (6 chars)
  ✓ Received reporter content (3 chars)
  ✓ Received reporter content (6 chars)
  ✓ Received reporter content (2 chars)
  ✓ Received reporter content (5 chars)
  ✓ Received reporter content (3 chars)
  ✓ Received reporter content (3 chars)
  ✓ Received reporter content (4 chars)
  ✓ Received reporter content (2 chars)
  ✓ Received reporter content (3 chars)
  ✓ Received reporter content (5 chars)
  ✓ Received reporter content (4 chars)
  ✓ Received reporter content (1 chars)
  ✓ Received reporter content (3 chars)
  ✓ Received reporter content (4 chars)
  ✓ Received reporter content (14 chars)
  ✓ Received reporter content (9 chars)
  ✓ Received reporter content (3 chars)
  ✓ Received reporter content (4 chars)
  ✓ Received reporter content (5 chars)
  ✓ Received reporter content (4 chars)
  ✓ Received reporter content (3 chars)
  ✓ Received reporter content (8 chars)
  ✓ Received reporter content (9 chars)
  ✓ Received reporter content (2 chars)
  ✓ Received reporter content (6 chars)
  ✓ Received reporter content (8 chars)
  ✓ Received reporter content (3 chars)
  ✓ Received reporter content (4 chars)
  ✓ Received reporter content (8 chars)
  ✓ Received reporter content (8 chars)
  ✓ Received reporter content (7 chars)
  ✓ Received reporter content (1 chars)
  ✓ Received reporter content (11 chars)
  ✓ Received reporter content (6 chars)
  ✓ Received reporter content (5 chars)
  ✓ Received reporter content (8 chars)
  ✓ Received reporter content (12 chars)
  ✓ Received reporter content (1 chars)
  ✓ Received reporter content (4 chars)
  ✓ Received reporter content (12 chars)
  ✓ Received reporter content (4 chars)
  ✓ Received reporter content (10 chars)
  ✓ Received reporter content (4 chars)
  ✓ Received reporter content (8 chars)
  ✓ Received reporter content (6 chars)
  ✓ Received reporter content (3 chars)
  ✓ Received reporter content (12 chars)
  ✓ Received reporter content (9 chars)
  ✓ Received reporter content (3 chars)
  ✓ Received reporter content (4 chars)
  ✓ Received reporter content (8 chars)
  ✓ Received reporter content (6 chars)
  ✓ Received reporter content (8 chars)
  ✓ Received reporter content (11 chars)
  ✓ Received reporter content (1 chars)
  ✓ Received reporter content (0 chars)

Stream complete. Collected 1340318 chars total.
Reporter messages: 1789
Using reporter content: 7353 chars

Agents seen in stream: reporter, planner, pm_agent, coordinator
Report saved to test_report_output.md

================================================================================
VALIDATING REPORT
================================================================================

Checking A. Executive Summary...
  ❌ Title check failed: Section title not found
Checking B. Sprint Overview Table...
  ✅ Title: B. Sprint Overview Table
  ✅ Word count: 155 (range: 100-200)
  ⚠️  Missing components: all sprints, committed, completion %

Checking C. 📉 Burndown Chart Analysis...
  ✅ Title: C. 📉 Burndown Chart Analysis
  ❌ Word count: 60 (minimum: 300)
  ⚠️  Missing components: current progress, pattern analysis, scope changes, forecast, recommendations

Checking D. ⚡ Velocity Chart Analysis...
  ✅ Title: D. ⚡ Velocity Chart Analysis
  ❌ Word count: 60 (minimum: 300)
  ⚠️  Missing components: current velocity, commitment vs delivery, capacity planning

Checking E. 📈 Cumulative Flow Diagram (CFD) Insights...
  ✅ Title: E. 📈 Cumulative Flow Diagram (CFD) Insights
  ❌ Word count: 52 (minimum: 200)
  ⚠️  Missing components: wip analysis

Checking F. ⏱️ Cycle Time Analysis...
  ✅ Title: F. ⏱️ Cycle Time Analysis
  ❌ Word count: 51 (minimum: 200)
  ⚠️  Missing components: 50th percentile, 85th percentile, 95th percentile, outlier analysis

Checking G. 👥 Work Distribution Analysis...
  ✅ Title: G. 👥 Work Distribution Analysis
  ❌ Word count: 79 (minimum: 300)
  ⚠️  Missing components: by assignee table, by status table, by priority table, by type table

Checking H. 📊 Issue Trend Analysis...
  ✅ Title: H. 📊 Issue Trend Analysis
  ❌ Word count: 54 (minimum: 200)
  ⚠️  Missing components: created vs resolved, daily rates, trend interpretation, forecast

Checking I. Task Statistics Summary...
  ❌ Title check failed: Section title not found
Checking J. 🎯 Key Insights & Recommendations...
  ❌ Title check failed: Section title not found
Checking for wrong section titles...
  ❌ Found wrong titles: Recommendations

================================================================================
VALIDATION SUMMARY
================================================================================

❌ REPORT IS INVALID

ERRORS:
  ❌ A. Executive Summary: Section title not found
  ❌ C. 📉 Burndown Chart Analysis: Word count 60 is below minimum 300
  ❌ D. ⚡ Velocity Chart Analysis: Word count 60 is below minimum 300
  ❌ E. 📈 Cumulative Flow Diagram (CFD) Insights: Word count 52 is below minimum 200
  ❌ F. ⏱️ Cycle Time Analysis: Word count 51 is below minimum 200
  ❌ G. 👥 Work Distribution Analysis: Word count 79 is below minimum 300
  ❌ H. 📊 Issue Trend Analysis: Word count 54 is below minimum 200
  ❌ I. Task Statistics Summary: Section title not found
  ❌ J. 🎯 Key Insights & Recommendations: Section title not found
  ❌ Found wrong section titles: Recommendations

WARNINGS:
  ⚠️  B. Sprint Overview Table: Missing components: all sprints, committed, completion %
  ⚠️  C. 📉 Burndown Chart Analysis: Missing components: current progress, pattern analysis, scope changes, forecast, recommendations
  ⚠️  D. ⚡ Velocity Chart Analysis: Missing components: current velocity, commitment vs delivery, capacity planning
  ⚠️  E. 📈 Cumulative Flow Diagram (CFD) Insights: Missing components: wip analysis
  ⚠️  F. ⏱️ Cycle Time Analysis: Missing components: 50th percentile, 85th percentile, 95th percentile, outlier analysis
  ⚠️  G. 👥 Work Distribution Analysis: Missing components: by assignee table, by status table, by priority table, by type table
  ⚠️  H. 📊 Issue Trend Analysis: Missing components: created vs resolved, daily rates, trend interpretation, forecast

SECTION DETAILS:
  ⚠️ B. Sprint Overview Table: 155 words
  ⚠️ C. 📉 Burndown Chart Analysis: 60 words
  ⚠️ D. ⚡ Velocity Chart Analysis: 60 words
  ⚠️ E. 📈 Cumulative Flow Diagram (CFD) Insights: 52 words
  ⚠️ F. ⏱️ Cycle Time Analysis: 51 words
  ⚠️ G. 👥 Work Distribution Analysis: 79 words
  ⚠️ H. 📊 Issue Trend Analysis: 54 words

